// Jest Snapshot v1, https://goo.gl/fbAQLP

exports[`componentRender renders children componenet 1`] = `
<div>
  <p
    data-testid="child"
  >
    Child
  </p>
</div>
`;
