// Jest Snapshot v1, https://goo.gl/fbAQLP

exports[`<ModalCountries/> should render on screen properly! 1`] = `
.c0 {
  height: 100%;
  width: 100%;
  display: -webkit-box;
  display: -webkit-flex;
  display: -ms-flexbox;
  display: flex;
  -webkit-box-pack: center;
  -webkit-justify-content: center;
  -ms-flex-pack: center;
  justify-content: center;
  -webkit-align-items: center;
  -webkit-box-align: center;
  -ms-flex-align: center;
  align-items: center;
  padding: 0.938rem;
  -webkit-flex-wrap: wrap;
  -ms-flex-wrap: wrap;
  flex-wrap: wrap;
  border-radius: 0.625rem;
  overflow-y: auto;
}

.c1 {
  display: -webkit-box;
  display: -webkit-flex;
  display: -ms-flexbox;
  display: flex;
  -webkit-align-items: center;
  -webkit-box-align: center;
  -ms-flex-align: center;
  align-items: center;
  -webkit-box-pack: space-evenly;
  -webkit-justify-content: space-evenly;
  -ms-flex-pack: space-evenly;
  justify-content: space-evenly;
  cursor: pointer;
  width: 4.688rem;
  height: 3.125rem;
}

.c3 {
  width: 1.563rem;
  height: 1.563rem;
  border-radius: 50%;
}

.c2 {
  color: #2d5839;
}

<div>
  <div
    class="c0"
    data-testid="countriesContainer"
  >
    <div
      class="c1"
      data-testid="container"
    >
      <p
        class="c2"
      >
        BR
      </p>
      <img
        alt="BR"
        class="c3"
        src="www.flag/BR"
      />
    </div>
    <div
      class="c1"
      data-testid="container"
    >
      <p
        class="c2"
      >
        ES
      </p>
      <img
        alt="ES"
        class="c3"
        src="www.flag/ES"
      />
    </div>
  </div>
</div>
`;
