// Jest Snapshot v1, https://goo.gl/fbAQLP

exports[`<ModalLeague/> Should render on screen properly 1`] = `
.c0 {
  display: -webkit-box;
  display: -webkit-flex;
  display: -ms-flexbox;
  display: flex;
  height: 100%;
  width: 100%;
  -webkit-flex-wrap: wrap;
  -ms-flex-wrap: wrap;
  flex-wrap: wrap;
  -webkit-box-pack: center;
  -webkit-justify-content: center;
  -ms-flex-pack: center;
  justify-content: center;
  -webkit-align-items: center;
  -webkit-box-align: center;
  -ms-flex-align: center;
  align-items: center;
  padding: 0.938rem;
  overflow-y: auto;
}

.c1 {
  display: -webkit-box;
  display: -webkit-flex;
  display: -ms-flexbox;
  display: flex;
  -webkit-align-items: center;
  -webkit-box-align: center;
  -ms-flex-align: center;
  align-items: center;
  -webkit-box-pack: center;
  -webkit-justify-content: center;
  -ms-flex-pack: center;
  justify-content: center;
  border-bottom: 2px solid #00c555;
  display: -webkit-box;
  display: -webkit-flex;
  display: -ms-flexbox;
  display: flex;
  width: 9.375rem;
  height: 3.438rem;
  margin: 0.938rem;
  cursor: pointer;
}

<div>
  <div
    class="c0"
    data-testid="modalLeagueId"
  >
    <div
      class="c1"
    >
      league01
    </div>
    <div
      class="c1"
    >
      league02
    </div>
  </div>
</div>
`;
