// Jest Snapshot v1, https://goo.gl/fbAQLP

exports[`<ResultsTable/> should render on screen properly 1`] = `
.c0 {
  display: -webkit-box;
  display: -webkit-flex;
  display: -ms-flexbox;
  display: flex;
  -webkit-flex-wrap: wrap;
  -ms-flex-wrap: wrap;
  flex-wrap: wrap;
  -webkit-box-pack: center;
  -webkit-justify-content: center;
  -ms-flex-pack: center;
  justify-content: center;
  -webkit-align-items: center;
  -webkit-box-align: center;
  -ms-flex-align: center;
  align-items: center;
  width: 25rem;
  height: 100%;
  padding: 0.938rem;
  margin: 0.938rem;
}

.c0 th {
  padding: 0.938rem;
  -webkit-box-pack: center;
  -webkit-justify-content: center;
  -ms-flex-pack: center;
  justify-content: center;
  -webkit-align-items: center;
  -webkit-box-align: center;
  -ms-flex-align: center;
  align-items: center;
  background-color: white;
}

.c0 td {
  text-align: center;
  padding: 0.938rem;
  background-color: white;
}

.c0 caption {
  font-weight: bold;
  font-size: 1.5rem;
}

<div>
  <div
    class="c0"
    data-testid="resultsTable"
  >
    <table>
      <thead>
        <tr>
          <th>
            Vit√≥rias
          </th>
          <th>
            Derrotas
          </th>
          <th>
            Empates
          </th>
          <th>
            Total
          </th>
        </tr>
      </thead>
      <tbody>
        <tr>
          <td>
            1
          </td>
          <td>
            3
          </td>
          <td>
            2
          </td>
          <td>
            6
          </td>
        </tr>
      </tbody>
    </table>
  </div>
</div>
`;
