// Jest Snapshot v1, https://goo.gl/fbAQLP

exports[`<Statistcs /> should render on screen properly 1`] = `<div />`;
