// Jest Snapshot v1, https://goo.gl/fbAQLP

exports[`<FormLogin/> should render on screen properly 1`] = `
.c1 {
  outline: none;
  all: unset;
  border: 1px solid #00c555;
  border-radius: 0.313rem;
  width: 100%;
  height: 1.563rem;
  padding: 0.938rem;
  box-sizing: border-box;
  color: #2d5839;
}

.c1::-webkit-input-placeholder {
  color: '#95A5A0'!important;
}

.c1::-moz-placeholder {
  color: '#95A5A0'!important;
}

.c1:-ms-input-placeholder {
  color: '#95A5A0'!important;
}

.c1::placeholder {
  color: '#95A5A0'!important;
}

.c2 {
  display: -webkit-box;
  display: -webkit-flex;
  display: -ms-flexbox;
  display: flex;
  all: unset;
  background: #CACCb1;
  width: 100%;
  border-radius: 5px;
  height: 2rem;
  text-align: center;
  color: #F3F4F5;
  cursor: pointer;
}

.c0 {
  background-color: white;
  box-shadow: 0 2px 10px rgba(0,0,0,0.2);
  border-radius: 0.313rem;
  padding: 0.938rem;
  display: -webkit-box;
  display: -webkit-flex;
  display: -ms-flexbox;
  display: flex;
  -webkit-box-pack: center;
  -webkit-justify-content: center;
  -ms-flex-pack: center;
  justify-content: center;
  -webkit-flex-direction: column;
  -ms-flex-direction: column;
  flex-direction: column;
  min-width: 31.25rem;
  height: 15.625rem;
  -webkit-box-pack: space-evenly;
  -webkit-justify-content: space-evenly;
  -ms-flex-pack: space-evenly;
  justify-content: space-evenly;
  margin: 0.938rem;
}

@media (max-width:650px) {
  .c0 {
    min-width: 80%;
  }
}

<div>
  <form
    class="c0"
    data-testid="form"
  >
    <input
      autocomplete="new-password"
      class="c1"
      data-testid="Input"
      placeholder="Nome"
      type="text"
      value=""
    />
    <input
      autocomplete="new-password"
      class="c1"
      data-testid="Input"
      placeholder="ApiKey"
      type="password"
      value=""
    />
    <button
      class="c2"
    >
      Enter
    </button>
  </form>
</div>
`;
