// Jest Snapshot v1, https://goo.gl/fbAQLP

exports[`</Logout> should render on screen 1`] = `
.c1 {
  display: inline-block;
  vertical-align: middle;
  overflow: hidden;
}

.c0 {
  color: #00c555;
  width: 100%;
  height: 100%;
}

<div>
  <div
    class="c0"
    data-testid="Logout"
  >
    <svg
      aria-hidden="true"
      class="c1"
      fill="currentColor"
      focusable="false"
      viewBox="0 0 512 512"
      xmlns="http://www.w3.org/2000/svg"
    >
      <path
        d="M336 376V272H191a16 16 0 0 1 0-32h145V136a56.06 56.06 0 0 0-56-56H88a56.06 56.06 0 0 0-56 56v240a56.06 56.06 0 0 0 56 56h192a56.06 56.06 0 0 0 56-56zm89.37-104-52.68 52.69a16 16 0 0 0 22.62 22.62l80-80a16 16 0 0 0 0-22.62l-80-80a16 16 0 0 0-22.62 22.62L425.37 240H336v32z"
      />
    </svg>
  </div>
</div>
`;
