// Jest Snapshot v1, https://goo.gl/fbAQLP

exports[`</Close> should render on screen 1`] = `
.c1 {
  display: inline-block;
  vertical-align: middle;
  overflow: hidden;
}

.c0 {
  color: #00c555;
  width: 100%;
  height: 100%;
}

<div>
  <div
    class="c0"
    data-testid="Close"
  >
    <svg
      aria-hidden="true"
      class="c1"
      fill="currentColor"
      focusable="false"
      viewBox="0 0 24 24"
      xmlns="http://www.w3.org/2000/svg"
    >
      <g
        data-name="Layer 2"
      >
        <path
          d="m13.41 12 4.3-4.29a1 1 0 1 0-1.42-1.42L12 10.59l-4.29-4.3a1 1 0 0 0-1.42 1.42l4.3 4.29-4.3 4.29a1 1 0 0 0 0 1.42 1 1 0 0 0 1.42 0l4.29-4.3 4.29 4.3a1 1 0 0 0 1.42 0 1 1 0 0 0 0-1.42z"
          data-name="close"
        />
      </g>
    </svg>
  </div>
</div>
`;
