// Jest Snapshot v1, https://goo.gl/fbAQLP

exports[`</ModalClub> should render on screen properly 1`] = `
.c0 {
  display: -webkit-box;
  display: -webkit-flex;
  display: -ms-flexbox;
  display: flex;
  height: 100%;
  width: 100%;
  -webkit-flex-wrap: wrap;
  -ms-flex-wrap: wrap;
  flex-wrap: wrap;
  -webkit-box-pack: center;
  -webkit-justify-content: center;
  -ms-flex-pack: center;
  justify-content: center;
  -webkit-align-items: center;
  -webkit-box-align: center;
  -ms-flex-align: center;
  align-items: center;
  padding: 0.938rem;
  overflow-y: auto;
}

.c2 {
  display: -webkit-box;
  display: -webkit-flex;
  display: -ms-flexbox;
  display: flex;
  width: 9.375rem;
  height: 9.375rem;
}

.c1 {
  display: -webkit-box;
  display: -webkit-flex;
  display: -ms-flexbox;
  display: flex;
  -webkit-box-pack: space-evenly;
  -webkit-justify-content: space-evenly;
  -ms-flex-pack: space-evenly;
  justify-content: space-evenly;
  -webkit-align-items: center;
  -webkit-box-align: center;
  -ms-flex-align: center;
  align-items: center;
  -webkit-flex-direction: column;
  -ms-flex-direction: column;
  flex-direction: column;
  width: 12.5rem;
  height: 12.5rem;
  margin: 0.938rem;
  cursor: pointer;
  border: 1px solid #00c555;
  border-radius: 0.625rem;
  background-color: #F3F4F5;
}

.c3 {
  color: #2d5839;
}

<div>
  <div
    class="c0"
    data-testid="modalClubId"
  >
    <div
      class="c1"
    >
      <img
        class="c2"
        src="logo/01"
      />
      <p
        class="c3"
      >
        Club01
      </p>
    </div>
    <div
      class="c1"
    >
      <img
        class="c2"
        src="logo/02"
      />
      <p
        class="c3"
      >
        Club02
      </p>
    </div>
  </div>
</div>
`;
